23:56:51.157 [[32mINF[0m] [[34mfdlimit[0m] RLIMIT_NOFILE soft limit raised 1024 -> 524288
23:56:51.157 [[32mINF[0m] [[34mconfig[0m] loading /home/max/.local/state/noctalia/settings.toml
23:56:51.157 [[32mINF[0m] [[34mstate[0m] loading /home/max/.local/state/noctalia/state.toml
23:56:51.158 [[33mWRN[0m] [[34mconfig[0m] shell.ui_scale: unknown setting
23:56:51.158 [[33mWRN[0m] [[34mconfig[0m] shell.shadow.blur: unknown setting
23:56:51.158 [[33mWRN[0m] [[34mconfig[0m] shell.shadow.offset_x: unknown setting
23:56:51.158 [[33mWRN[0m] [[34mconfig[0m] shell.shadow.offset_y: unknown setting
23:56:51.158 [[33mWRN[0m] [[34mconfig[0m] shell.panel.attach_clipboard: unknown setting
23:56:51.158 [[33mWRN[0m] [[34mconfig[0m] shell.panel.attach_control_center: unknown setting
23:56:51.158 [[33mWRN[0m] [[34mconfig[0m] shell.panel.attach_launcher: unknown setting
23:56:51.158 [[33mWRN[0m] [[34mconfig[0m] shell.panel.attach_session: unknown setting
23:56:51.158 [[33mWRN[0m] [[34mconfig[0m] shell.panel.attach_wallpaper: unknown setting
23:56:51.158 [[33mWRN[0m] [[34mconfig[0m] shell.panel.background_blur: unknown setting
23:56:51.158 [[33mWRN[0m] [[34mconfig[0m] wallpaper.automation.interval_minutes: unknown setting
23:56:51.158 [[33mWRN[0m] [[34mconfig[0m] bar.main.attach_panels: unknown setting
23:56:51.158 [[32mINF[0m] [[34mconfig[0m] 1 bar(s) defined
23:56:51.158 [[32mINF[0m] [[34mconfig[0m] bar order: main
23:56:51.158 [[32mINF[0m] [[34mconfig[0m] idle behaviors=3
23:56:51.158 [[32mINF[0m] [[34mconfig[0m] hooks kinds with commands=0
23:56:51.158 [[33mWRN[0m] [[34mconfig[0m] shell: middle_click_opens_widget_settings is now the `middle` bar widget gesture binding (migrated in memory)
23:56:51.160 [[32mINF[0m] [[34mthumbnail[0m] spawned 4 decode worker(s)
23:56:51.161 [[32mINF[0m] [[34mapp[0m] noctalia v5.0.0
23:56:51.163 [[32mINF[0m] [[34mi18n[0m] language: en
23:56:51.267 [[32mINF[0m] [[34mseat[0m] keyboard: bound
23:56:51.267 [[32mINF[0m] [[34mseat[0m] pointer: bound
23:56:51.267 [[32mINF[0m] [[34mseat[0m] pointer: cursor-shape-v1 available
23:56:51.267 [[32mINF[0m] [[34mwayland[0m] connected compositor=yes shm=yes layer-shell=yes xdg-shell=yes xdg-output=yes ext-workspace=yes kde-vd=no dwl-ipc=no session-lock=yes fractional-scale=yes gamma-control=yes outputs=1
23:56:51.267 [[32mINF[0m] [[34mwayland[0m] output DP-3 global=47 wl_scale=1 detected_fractional_scale=1.000 logical=2560x1440 mode=2560x1440 orientation=normal desc="LG Electronics - LG ULTRAGEAR - DP-3"
23:56:51.267 [[32mINF[0m] [[34mworkspace[0m] workspace backend=ext-workspace
23:56:51.313 [[32mINF[0m] [[34mgl[0m] requesting robust EGL contexts with NVIDIA video-memory purge reset notification
23:56:51.325 [[32mINF[0m] [[34mgl[0m] initialized EGL 1.5 with shared root context
23:56:51.325 [[32mINF[0m] [[34mtext-input[0m] text-input-v3 bound
23:56:51.325 [[32mINF[0m] [[34mapp[0m] distro: NixOS 26.11 (Zokor)
23:56:51.325 [[32mINF[0m] [[34msysmon[0m] detected stats sources: cpu=/proc/stat memory=/proc/meminfo network=/proc/net/dev (2 active) load=/proc/loadavg disk=statvfs
23:56:51.325 [[32mINF[0m] [[34msysmon[0m] detected CPU temperature source: hwmon:k10temp label="Tctl" /sys/class/hwmon/hwmon2/temp1_input (40C)
23:56:51.326 [[32mINF[0m] [[34mapp[0m] system monitor service active
23:56:51.326 [[32mINF[0m] [[34mapp[0m] connected to system bus
23:56:51.326 [[32mINF[0m] [[34mapp[0m] logind sleep monitor active
23:56:51.326 [[32mINF[0m] [[34maccounts[0m] session user avatar path: /home/max/.face
23:56:51.327 [[32mINF[0m] [[34mapp[0m] accounts service active for uid 1000
23:56:51.327 [[32mINF[0m] [[34mapp[0m] power profiles service active (state loading asynchronously)
23:56:51.327 [[33mWRN[0m] [[34mupower[0m] GetDisplayDevice failed: [org.freedesktop.DBus.Error.ServiceUnknown] The name is not activatable
23:56:51.327 [[33mWRN[0m] [[34mupower[0m] EnumerateDevices failed: [org.freedesktop.DBus.Error.ServiceUnknown] The name is not activatable
23:56:51.327 [[32mINF[0m] [[34mupower[0m] connected (no system battery present)
23:56:51.327 [[33mWRN[0m] [[34mkeyboard-backlight[0m] failed to enumerate keyboard backlights: [org.freedesktop.DBus.Error.ServiceUnknown] The name is not activatable
23:56:51.327 [[32mINF[0m] [[34mapp[0m] network service active
23:56:51.331 [[32mINF[0m] [[34mnetwork[0m] registered NetworkManager secret agent as org.noctalia.SecretAgent
23:56:51.331 [[32mINF[0m] [[34mapp[0m] bluetooth service active
23:56:51.331 [[33mWRN[0m] [[34mbluetooth[0m] BlueZ agent registration failed: [org.freedesktop.DBus.Error.ServiceUnknown] The name is not activatable
23:56:51.333 [[32mINF[0m] [[34mpipewire[0m] connected (version 1.6.8)
23:56:51.334 [[32mINF[0m] [[34mwireplumber[0m] connected; loading mixer-api / default-nodes-api modules
23:56:51.334 [[32mINF[0m] [[34msound[0m] loaded sound "volume-change" from /nix/store/wklyz296ipz8rbgkq6vp4akcc125sp3n-noctalia-5.0.0/share/noctalia/assets/sounds/volume-change.wav
23:56:51.334 [[32mINF[0m] [[34msound[0m] loaded sound "notification" from /nix/store/wklyz296ipz8rbgkq6vp4akcc125sp3n-noctalia-5.0.0/share/noctalia/assets/sounds/notification.wav
23:56:51.334 [[32mINF[0m] [[34mapp[0m] connected to session bus
23:56:51.334 [[32mINF[0m] [[34mapp[0m] debug service active on dev.noctalia.Debug
23:56:51.335 [[32mINF[0m] [[34mapp[0m] mpris discovery active
23:56:51.335 [[32mINF[0m] [[34mapp[0m] listening on org.freedesktop.Notifications
23:56:51.335 [[32mINF[0m] [[34mlocation[0m] loaded cached location
23:56:51.335 [[32mINF[0m] [[34mweather[0m] loaded cached weather data
23:56:51.335 [[32mINF[0m] [[34mgamma[0m] target 1000K (day=6500K night=1000K force=false ramping=false)
23:56:51.388 [[32mINF[0m] [[34mrender[0m] EGL vendor="NVIDIA" version="1.5" APIs="OpenGL_ES OpenGL"
23:56:51.388 [[32mINF[0m] [[34mrender[0m] OpenGL ES vendor="NVIDIA Corporation" renderer="NVIDIA GeForce RTX 4070/PCIe/SSE2" version="OpenGL ES 3.2 NVIDIA 595.84"
23:56:51.388 [[32mINF[0m] [[34mrender[0m] graphics reset status polling enabled
23:56:51.393 [[32mINF[0m] [[34mbackdrop[0m] disabled in config
23:56:51.394 [[32mINF[0m] [[34mlogind[0m] logind session lock monitor active (/org/freedesktop/login1/session/_33)
23:56:51.394 [[32mINF[0m] [[34mclipboard[0m] clipboard service bound via ext_data_control_manager_v1
23:56:51.426 [[32mINF[0m] [[34mscreensaver[0m] logind idle inhibit monitor active
23:56:51.426 [[32mINF[0m] [[34mdock[0m] dock disabled in config
23:56:51.426 [[32mINF[0m] [[34mwallpaper[0m] creating on DP-3 (LG Electronics - LG ULTRAGEAR - DP-3), path=/home/max/wall/purpleKeyboards.jpg
23:56:51.426 [[32mINF[0m] [[34mbar[0m] creating #0 "main" on DP-3 (LG Electronics - LG ULTRAGEAR - DP-3), thickness=34 position=left reserve_space=true exclusive_zone=34
23:56:51.426 [[32mINF[0m] [[34mapp[0m] IPC socket at /run/user/1000/noctalia-wayland-1.sock
23:56:51.426 [[32mINF[0m] [[34mdmenu[0m] listening on /run/user/1000/noctalia-dmenu-wayland-1.sock
23:56:51.427 [[32mINF[0m] [[34mtelemetry[0m] sending anonymous ping
23:56:51.429 [[32mINF[0m] [[34mseat[0m] keyboard: keymap loaded
23:56:51.429 [[32mINF[0m] [[34mclipboard[0m] loaded encrypted clipboard history
23:56:51.526 [[32mINF[0m] [[34mtexcache[0m] uploaded /home/max/wall/purpleKeyboards.jpg
23:56:51.579 [[32mINF[0m] [[34mwireplumber[0m] mixer-api ready
23:56:51.580 [[32mINF[0m] [[34mwireplumber[0m] default-nodes-api ready
23:56:51.628 [[32mINF[0m] [[34mplugins[0m] source 'official' already up to date
23:56:52.089 [[32mINF[0m] [[34mplugins[0m] source 'community' already up to date
23:57:35.278 [[32mINF[0m] [[34mfdlimit[0m] RLIMIT_NOFILE soft limit raised 1024 -> 524288
23:57:35.278 [[32mINF[0m] [[34mconfig[0m] loading /home/max/.local/state/noctalia/settings.toml
23:57:35.278 [[32mINF[0m] [[34mstate[0m] loading /home/max/.local/state/noctalia/state.toml
23:57:35.279 [[33mWRN[0m] [[34mconfig[0m] shell.ui_scale: unknown setting
23:57:35.279 [[33mWRN[0m] [[34mconfig[0m] shell.shadow.blur: unknown setting
23:57:35.279 [[33mWRN[0m] [[34mconfig[0m] shell.shadow.offset_x: unknown setting
23:57:35.279 [[33mWRN[0m] [[34mconfig[0m] shell.shadow.offset_y: unknown setting
23:57:35.279 [[33mWRN[0m] [[34mconfig[0m] shell.panel.attach_clipboard: unknown setting
23:57:35.279 [[33mWRN[0m] [[34mconfig[0m] shell.panel.attach_control_center: unknown setting
23:57:35.279 [[33mWRN[0m] [[34mconfig[0m] shell.panel.attach_launcher: unknown setting
23:57:35.279 [[33mWRN[0m] [[34mconfig[0m] shell.panel.attach_session: unknown setting
23:57:35.279 [[33mWRN[0m] [[34mconfig[0m] shell.panel.attach_wallpaper: unknown setting
23:57:35.279 [[33mWRN[0m] [[34mconfig[0m] shell.panel.background_blur: unknown setting
23:57:35.279 [[33mWRN[0m] [[34mconfig[0m] wallpaper.automation.interval_minutes: unknown setting
23:57:35.279 [[33mWRN[0m] [[34mconfig[0m] bar.main.attach_panels: unknown setting
23:57:35.279 [[32mINF[0m] [[34mconfig[0m] 1 bar(s) defined
23:57:35.279 [[32mINF[0m] [[34mconfig[0m] bar order: main
23:57:35.279 [[32mINF[0m] [[34mconfig[0m] idle behaviors=3
23:57:35.279 [[32mINF[0m] [[34mconfig[0m] hooks kinds with commands=0
23:57:35.279 [[33mWRN[0m] [[34mconfig[0m] shell: middle_click_opens_widget_settings is now the `middle` bar widget gesture binding (migrated in memory)
23:57:35.281 [[32mINF[0m] [[34mthumbnail[0m] spawned 4 decode worker(s)
23:57:35.282 [[32mINF[0m] [[34mapp[0m] noctalia v5.0.0
23:57:35.284 [[32mINF[0m] [[34mi18n[0m] language: en
23:57:35.386 [[32mINF[0m] [[34mseat[0m] keyboard: bound
23:57:35.386 [[32mINF[0m] [[34mseat[0m] pointer: bound
23:57:35.386 [[32mINF[0m] [[34mseat[0m] pointer: cursor-shape-v1 available
23:57:35.386 [[32mINF[0m] [[34mwayland[0m] connected compositor=yes shm=yes layer-shell=yes xdg-shell=yes xdg-output=yes ext-workspace=yes kde-vd=no dwl-ipc=no session-lock=yes fractional-scale=yes gamma-control=yes outputs=1
23:57:35.386 [[32mINF[0m] [[34mwayland[0m] output DP-3 global=47 wl_scale=1 detected_fractional_scale=1.000 logical=2560x1440 mode=2560x1440 orientation=normal desc="LG Electronics - LG ULTRAGEAR - DP-3"
23:57:35.386 [[32mINF[0m] [[34mworkspace[0m] workspace backend=ext-workspace
23:57:35.428 [[32mINF[0m] [[34mgl[0m] requesting robust EGL contexts with NVIDIA video-memory purge reset notification
23:57:35.442 [[32mINF[0m] [[34mgl[0m] initialized EGL 1.5 with shared root context
23:57:35.442 [[32mINF[0m] [[34mtext-input[0m] text-input-v3 bound
23:57:35.442 [[32mINF[0m] [[34mapp[0m] distro: NixOS 26.11 (Zokor)
23:57:35.442 [[32mINF[0m] [[34msysmon[0m] detected stats sources: cpu=/proc/stat memory=/proc/meminfo network=/proc/net/dev (2 active) load=/proc/loadavg disk=statvfs
23:57:35.442 [[32mINF[0m] [[34msysmon[0m] detected CPU temperature source: hwmon:k10temp label="Tctl" /sys/class/hwmon/hwmon2/temp1_input (40C)
23:57:35.442 [[32mINF[0m] [[34mapp[0m] system monitor service active
23:57:35.443 [[32mINF[0m] [[34mapp[0m] connected to system bus
23:57:35.443 [[32mINF[0m] [[34mapp[0m] logind sleep monitor active
23:57:35.443 [[32mINF[0m] [[34maccounts[0m] session user avatar path: /home/max/.face
23:57:35.443 [[32mINF[0m] [[34mapp[0m] accounts service active for uid 1000
23:57:35.444 [[32mINF[0m] [[34mapp[0m] power profiles service active (state loading asynchronously)
23:57:35.444 [[33mWRN[0m] [[34mupower[0m] GetDisplayDevice failed: [org.freedesktop.DBus.Error.ServiceUnknown] The name is not activatable
23:57:35.444 [[33mWRN[0m] [[34mupower[0m] EnumerateDevices failed: [org.freedesktop.DBus.Error.ServiceUnknown] The name is not activatable
23:57:35.444 [[32mINF[0m] [[34mupower[0m] connected (no system battery present)
23:57:35.444 [[33mWRN[0m] [[34mkeyboard-backlight[0m] failed to enumerate keyboard backlights: [org.freedesktop.DBus.Error.ServiceUnknown] The name is not activatable
23:57:35.444 [[32mINF[0m] [[34mapp[0m] network service active
23:57:35.448 [[32mINF[0m] [[34mnetwork[0m] registered NetworkManager secret agent as org.noctalia.SecretAgent
23:57:35.448 [[32mINF[0m] [[34mapp[0m] bluetooth service active
23:57:35.449 [[33mWRN[0m] [[34mbluetooth[0m] BlueZ agent registration failed: [org.freedesktop.DBus.Error.ServiceUnknown] The name is not activatable
23:57:35.450 [[32mINF[0m] [[34mpipewire[0m] connected (version 1.6.8)
23:57:35.451 [[32mINF[0m] [[34mwireplumber[0m] connected; loading mixer-api / default-nodes-api modules
23:57:35.451 [[32mINF[0m] [[34msound[0m] loaded sound "volume-change" from /nix/store/wklyz296ipz8rbgkq6vp4akcc125sp3n-noctalia-5.0.0/share/noctalia/assets/sounds/volume-change.wav
23:57:35.452 [[32mINF[0m] [[34msound[0m] loaded sound "notification" from /nix/store/wklyz296ipz8rbgkq6vp4akcc125sp3n-noctalia-5.0.0/share/noctalia/assets/sounds/notification.wav
23:57:35.452 [[32mINF[0m] [[34mapp[0m] connected to session bus
23:57:35.452 [[32mINF[0m] [[34mapp[0m] debug service active on dev.noctalia.Debug
23:57:35.452 [[32mINF[0m] [[34mapp[0m] mpris discovery active
23:57:35.452 [[32mINF[0m] [[34mapp[0m] listening on org.freedesktop.Notifications
23:57:35.452 [[32mINF[0m] [[34mlocation[0m] loaded cached location
23:57:35.452 [[32mINF[0m] [[34mweather[0m] loaded cached weather data
23:57:35.452 [[32mINF[0m] [[34mgamma[0m] target 1000K (day=6500K night=1000K force=false ramping=false)
23:57:35.499 [[32mINF[0m] [[34mrender[0m] EGL vendor="NVIDIA" version="1.5" APIs="OpenGL_ES OpenGL"
23:57:35.499 [[32mINF[0m] [[34mrender[0m] OpenGL ES vendor="NVIDIA Corporation" renderer="NVIDIA GeForce RTX 4070/PCIe/SSE2" version="OpenGL ES 3.2 NVIDIA 595.84"
23:57:35.499 [[32mINF[0m] [[34mrender[0m] graphics reset status polling enabled
23:57:35.504 [[32mINF[0m] [[34mbackdrop[0m] disabled in config
23:57:35.504 [[32mINF[0m] [[34mlogind[0m] logind session lock monitor active (/org/freedesktop/login1/session/_33)
23:57:35.504 [[32mINF[0m] [[34mclipboard[0m] clipboard service bound via ext_data_control_manager_v1
23:57:35.537 [[32mINF[0m] [[34mscreensaver[0m] logind idle inhibit monitor active
23:57:35.537 [[32mINF[0m] [[34mdock[0m] dock disabled in config
23:57:35.537 [[32mINF[0m] [[34mwallpaper[0m] creating on DP-3 (LG Electronics - LG ULTRAGEAR - DP-3), path=/home/max/wall/purpleKeyboards.jpg
23:57:35.537 [[32mINF[0m] [[34mbar[0m] creating #0 "main" on DP-3 (LG Electronics - LG ULTRAGEAR - DP-3), thickness=34 position=left reserve_space=true exclusive_zone=34
23:57:35.537 [[32mINF[0m] [[34mapp[0m] IPC socket at /run/user/1000/noctalia-wayland-1.sock
23:57:35.537 [[32mINF[0m] [[34mdmenu[0m] listening on /run/user/1000/noctalia-dmenu-wayland-1.sock
23:57:35.538 [[32mINF[0m] [[34mtelemetry[0m] sending anonymous ping
23:57:35.539 [[32mINF[0m] [[34mseat[0m] keyboard: keymap loaded
23:57:35.540 [[32mINF[0m] [[34mclipboard[0m] loaded encrypted clipboard history
23:57:35.622 [[32mINF[0m] [[34mtexcache[0m] uploaded /home/max/wall/purpleKeyboards.jpg
23:57:35.669 [[32mINF[0m] [[34mwireplumber[0m] mixer-api ready
23:57:35.669 [[32mINF[0m] [[34mwireplumber[0m] default-nodes-api ready
23:57:36.178 [[32mINF[0m] [[34mplugins[0m] source 'community' already up to date
23:57:36.436 [[32mINF[0m] [[34mplugins[0m] source 'official' already up to date
23:58:13.506 [[33mWRN[0m] [[34mconfig[0m] shell.ui_scale: unknown setting
23:58:13.506 [[33mWRN[0m] [[34mconfig[0m] shell.shadow.blur: unknown setting
23:58:13.506 [[33mWRN[0m] [[34mconfig[0m] shell.shadow.offset_x: unknown setting
23:58:13.506 [[33mWRN[0m] [[34mconfig[0m] shell.shadow.offset_y: unknown setting
23:58:13.506 [[33mWRN[0m] [[34mconfig[0m] shell.panel.attach_clipboard: unknown setting
23:58:13.506 [[33mWRN[0m] [[34mconfig[0m] shell.panel.attach_control_center: unknown setting
23:58:13.506 [[33mWRN[0m] [[34mconfig[0m] shell.panel.attach_launcher: unknown setting
23:58:13.506 [[33mWRN[0m] [[34mconfig[0m] shell.panel.attach_session: unknown setting
23:58:13.506 [[33mWRN[0m] [[34mconfig[0m] shell.panel.attach_wallpaper: unknown setting
23:58:13.506 [[33mWRN[0m] [[34mconfig[0m] shell.panel.background_blur: unknown setting
23:58:13.506 [[33mWRN[0m] [[34mconfig[0m] wallpaper.automation.interval_minutes: unknown setting
23:58:13.506 [[33mWRN[0m] [[34mconfig[0m] bar.main.attach_panels: unknown setting
23:58:13.506 [[32mINF[0m] [[34mconfig[0m] 1 bar(s) defined
23:58:13.506 [[32mINF[0m] [[34mconfig[0m] bar order: main
23:58:13.506 [[32mINF[0m] [[34mconfig[0m] idle behaviors=3
23:58:13.506 [[32mINF[0m] [[34mconfig[0m] hooks kinds with commands=0
23:58:13.506 [[32mINF[0m] [[34mgamma[0m] target 1500K (day=6500K night=1500K force=false ramping=false)
23:58:15.996 [[33mWRN[0m] [[34mconfig[0m] shell.ui_scale: unknown setting
23:58:15.996 [[33mWRN[0m] [[34mconfig[0m] shell.shadow.blur: unknown setting
23:58:15.996 [[33mWRN[0m] [[34mconfig[0m] shell.shadow.offset_x: unknown setting
23:58:15.996 [[33mWRN[0m] [[34mconfig[0m] shell.shadow.offset_y: unknown setting
23:58:15.996 [[33mWRN[0m] [[34mconfig[0m] shell.panel.attach_clipboard: unknown setting
23:58:15.996 [[33mWRN[0m] [[34mconfig[0m] shell.panel.attach_control_center: unknown setting
23:58:15.996 [[33mWRN[0m] [[34mconfig[0m] shell.panel.attach_launcher: unknown setting
23:58:15.996 [[33mWRN[0m] [[34mconfig[0m] shell.panel.attach_session: unknown setting
23:58:15.996 [[33mWRN[0m] [[34mconfig[0m] shell.panel.attach_wallpaper: unknown setting
23:58:15.996 [[33mWRN[0m] [[34mconfig[0m] shell.panel.background_blur: unknown setting
23:58:15.996 [[33mWRN[0m] [[34mconfig[0m] wallpaper.automation.interval_minutes: unknown setting
23:58:15.996 [[33mWRN[0m] [[34mconfig[0m] bar.main.attach_panels: unknown setting
23:58:15.996 [[32mINF[0m] [[34mconfig[0m] 1 bar(s) defined
23:58:15.996 [[32mINF[0m] [[34mconfig[0m] bar order: main
23:58:15.996 [[32mINF[0m] [[34mconfig[0m] idle behaviors=3
23:58:15.996 [[32mINF[0m] [[34mconfig[0m] hooks kinds with commands=0
23:58:15.996 [[32mINF[0m] [[34mgamma[0m] target 2000K (day=6500K night=2000K force=false ramping=false)
23:59:32.372 [[33mWRN[0m] [[34mconfig[0m] shell.ui_scale: unknown setting
23:59:32.372 [[33mWRN[0m] [[34mconfig[0m] shell.shadow.blur: unknown setting
23:59:32.372 [[33mWRN[0m] [[34mconfig[0m] shell.shadow.offset_x: unknown setting
23:59:32.372 [[33mWRN[0m] [[34mconfig[0m] shell.shadow.offset_y: unknown setting
23:59:32.372 [[33mWRN[0m] [[34mconfig[0m] shell.panel.attach_clipboard: unknown setting
23:59:32.372 [[33mWRN[0m] [[34mconfig[0m] shell.panel.attach_control_center: unknown setting
23:59:32.372 [[33mWRN[0m] [[34mconfig[0m] shell.panel.attach_launcher: unknown setting
23:59:32.372 [[33mWRN[0m] [[34mconfig[0m] shell.panel.attach_session: unknown setting
23:59:32.372 [[33mWRN[0m] [[34mconfig[0m] shell.panel.attach_wallpaper: unknown setting
23:59:32.372 [[33mWRN[0m] [[34mconfig[0m] shell.panel.background_blur: unknown setting
23:59:32.372 [[33mWRN[0m] [[34mconfig[0m] wallpaper.automation.interval_minutes: unknown setting
23:59:32.372 [[33mWRN[0m] [[34mconfig[0m] bar.main.attach_panels: unknown setting
23:59:32.372 [[32mINF[0m] [[34mconfig[0m] 1 bar(s) defined
23:59:32.372 [[32mINF[0m] [[34mconfig[0m] bar order: main
23:59:32.372 [[32mINF[0m] [[34mconfig[0m] idle behaviors=3
23:59:32.372 [[32mINF[0m] [[34mconfig[0m] hooks kinds with commands=0
23:59:32.372 [[32mINF[0m] [[34mgamma[0m] target 1500K (day=6500K night=1500K force=false ramping=false)
23:59:40.897 [[33mWRN[0m] [[34mconfig[0m] shell.ui_scale: unknown setting
23:59:40.897 [[33mWRN[0m] [[34mconfig[0m] shell.shadow.blur: unknown setting
23:59:40.897 [[33mWRN[0m] [[34mconfig[0m] shell.shadow.offset_x: unknown setting
23:59:40.897 [[33mWRN[0m] [[34mconfig[0m] shell.shadow.offset_y: unknown setting
23:59:40.897 [[33mWRN[0m] [[34mconfig[0m] shell.panel.attach_clipboard: unknown setting
23:59:40.897 [[33mWRN[0m] [[34mconfig[0m] shell.panel.attach_control_center: unknown setting
23:59:40.897 [[33mWRN[0m] [[34mconfig[0m] shell.panel.attach_launcher: unknown setting
23:59:40.897 [[33mWRN[0m] [[34mconfig[0m] shell.panel.attach_session: unknown setting
23:59:40.897 [[33mWRN[0m] [[34mconfig[0m] shell.panel.attach_wallpaper: unknown setting
23:59:40.897 [[33mWRN[0m] [[34mconfig[0m] shell.panel.background_blur: unknown setting
23:59:40.897 [[33mWRN[0m] [[34mconfig[0m] wallpaper.automation.interval_minutes: unknown setting
23:59:40.897 [[33mWRN[0m] [[34mconfig[0m] bar.main.attach_panels: unknown setting
23:59:40.897 [[32mINF[0m] [[34mconfig[0m] 1 bar(s) defined
23:59:40.897 [[32mINF[0m] [[34mconfig[0m] bar order: main
23:59:40.897 [[32mINF[0m] [[34mconfig[0m] idle behaviors=3
23:59:40.897 [[32mINF[0m] [[34mconfig[0m] hooks kinds with commands=0
23:59:40.897 [[32mINF[0m] [[34mgamma[0m] target 1000K (day=6500K night=1000K force=false ramping=false)
23:59:51.927 [[33mWRN[0m] [[34mconfig[0m] shell.ui_scale: unknown setting
23:59:51.927 [[33mWRN[0m] [[34mconfig[0m] shell.shadow.blur: unknown setting
23:59:51.927 [[33mWRN[0m] [[34mconfig[0m] shell.shadow.offset_x: unknown setting
23:59:51.927 [[33mWRN[0m] [[34mconfig[0m] shell.shadow.offset_y: unknown setting
23:59:51.927 [[33mWRN[0m] [[34mconfig[0m] shell.panel.attach_clipboard: unknown setting
23:59:51.927 [[33mWRN[0m] [[34mconfig[0m] shell.panel.attach_control_center: unknown setting
23:59:51.927 [[33mWRN[0m] [[34mconfig[0m] shell.panel.attach_launcher: unknown setting
23:59:51.927 [[33mWRN[0m] [[34mconfig[0m] shell.panel.attach_session: unknown setting
23:59:51.927 [[33mWRN[0m] [[34mconfig[0m] shell.panel.attach_wallpaper: unknown setting
23:59:51.927 [[33mWRN[0m] [[34mconfig[0m] shell.panel.background_blur: unknown setting
23:59:51.927 [[33mWRN[0m] [[34mconfig[0m] wallpaper.automation.interval_minutes: unknown setting
23:59:51.927 [[33mWRN[0m] [[34mconfig[0m] bar.main.attach_panels: unknown setting
23:59:51.927 [[32mINF[0m] [[34mconfig[0m] 1 bar(s) defined
23:59:51.927 [[32mINF[0m] [[34mconfig[0m] bar order: main
23:59:51.927 [[32mINF[0m] [[34mconfig[0m] idle behaviors=3
23:59:51.927 [[32mINF[0m] [[34mconfig[0m] hooks kinds with commands=0
23:59:51.927 [[32mINF[0m] [[34mgamma[0m] target 1100K (day=6500K night=1100K force=false ramping=false)
23:59:56.073 [[33mWRN[0m] [[34mconfig[0m] shell.ui_scale: unknown setting
23:59:56.073 [[33mWRN[0m] [[34mconfig[0m] shell.shadow.blur: unknown setting
23:59:56.073 [[33mWRN[0m] [[34mconfig[0m] shell.shadow.offset_x: unknown setting
23:59:56.073 [[33mWRN[0m] [[34mconfig[0m] shell.shadow.offset_y: unknown setting
23:59:56.073 [[33mWRN[0m] [[34mconfig[0m] shell.panel.attach_clipboard: unknown setting
23:59:56.073 [[33mWRN[0m] [[34mconfig[0m] shell.panel.attach_control_center: unknown setting
23:59:56.073 [[33mWRN[0m] [[34mconfig[0m] shell.panel.attach_launcher: unknown setting
23:59:56.073 [[33mWRN[0m] [[34mconfig[0m] shell.panel.attach_session: unknown setting
23:59:56.073 [[33mWRN[0m] [[34mconfig[0m] shell.panel.attach_wallpaper: unknown setting
23:59:56.073 [[33mWRN[0m] [[34mconfig[0m] shell.panel.background_blur: unknown setting
23:59:56.073 [[33mWRN[0m] [[34mconfig[0m] wallpaper.automation.interval_minutes: unknown setting
23:59:56.073 [[33mWRN[0m] [[34mconfig[0m] bar.main.attach_panels: unknown setting
23:59:56.073 [[32mINF[0m] [[34mconfig[0m] 1 bar(s) defined
23:59:56.073 [[32mINF[0m] [[34mconfig[0m] bar order: main
23:59:56.073 [[32mINF[0m] [[34mconfig[0m] idle behaviors=3
23:59:56.073 [[32mINF[0m] [[34mconfig[0m] hooks kinds with commands=0
23:59:56.073 [[32mINF[0m] [[34mgamma[0m] target 1500K (day=6500K night=1500K force=false ramping=false)
00:00:04.116 [[33mWRN[0m] [[34mconfig[0m] shell.ui_scale: unknown setting
00:00:04.116 [[33mWRN[0m] [[34mconfig[0m] shell.shadow.blur: unknown setting
00:00:04.116 [[33mWRN[0m] [[34mconfig[0m] shell.shadow.offset_x: unknown setting
00:00:04.116 [[33mWRN[0m] [[34mconfig[0m] shell.shadow.offset_y: unknown setting
00:00:04.116 [[33mWRN[0m] [[34mconfig[0m] shell.panel.attach_clipboard: unknown setting
00:00:04.116 [[33mWRN[0m] [[34mconfig[0m] shell.panel.attach_control_center: unknown setting
00:00:04.116 [[33mWRN[0m] [[34mconfig[0m] shell.panel.attach_launcher: unknown setting
00:00:04.116 [[33mWRN[0m] [[34mconfig[0m] shell.panel.attach_session: unknown setting
00:00:04.116 [[33mWRN[0m] [[34mconfig[0m] shell.panel.attach_wallpaper: unknown setting
00:00:04.116 [[33mWRN[0m] [[34mconfig[0m] shell.panel.background_blur: unknown setting
00:00:04.116 [[33mWRN[0m] [[34mconfig[0m] wallpaper.automation.interval_minutes: unknown setting
00:00:04.116 [[33mWRN[0m] [[34mconfig[0m] bar.main.attach_panels: unknown setting
00:00:04.116 [[32mINF[0m] [[34mconfig[0m] 1 bar(s) defined
00:00:04.116 [[32mINF[0m] [[34mconfig[0m] bar order: main
00:00:04.116 [[32mINF[0m] [[34mconfig[0m] idle behaviors=3
00:00:04.116 [[32mINF[0m] [[34mconfig[0m] hooks kinds with commands=0
00:00:04.116 [[32mINF[0m] [[34mgamma[0m] target 1400K (day=6500K night=1400K force=false ramping=false)
00:00:10.896 [[33mWRN[0m] [[34mconfig[0m] shell.ui_scale: unknown setting
00:00:10.896 [[33mWRN[0m] [[34mconfig[0m] shell.shadow.blur: unknown setting
00:00:10.896 [[33mWRN[0m] [[34mconfig[0m] shell.shadow.offset_x: unknown setting
00:00:10.896 [[33mWRN[0m] [[34mconfig[0m] shell.shadow.offset_y: unknown setting
00:00:10.896 [[33mWRN[0m] [[34mconfig[0m] shell.panel.attach_clipboard: unknown setting
00:00:10.896 [[33mWRN[0m] [[34mconfig[0m] shell.panel.attach_control_center: unknown setting
00:00:10.896 [[33mWRN[0m] [[34mconfig[0m] shell.panel.attach_launcher: unknown setting
00:00:10.896 [[33mWRN[0m] [[34mconfig[0m] shell.panel.attach_session: unknown setting
00:00:10.896 [[33mWRN[0m] [[34mconfig[0m] shell.panel.attach_wallpaper: unknown setting
00:00:10.896 [[33mWRN[0m] [[34mconfig[0m] shell.panel.background_blur: unknown setting
00:00:10.896 [[33mWRN[0m] [[34mconfig[0m] wallpaper.automation.interval_minutes: unknown setting
00:00:10.896 [[33mWRN[0m] [[34mconfig[0m] bar.main.attach_panels: unknown setting
00:00:10.896 [[32mINF[0m] [[34mconfig[0m] 1 bar(s) defined
00:00:10.896 [[32mINF[0m] [[34mconfig[0m] bar order: main
00:00:10.896 [[32mINF[0m] [[34mconfig[0m] idle behaviors=3
00:00:10.896 [[32mINF[0m] [[34mconfig[0m] hooks kinds with commands=0
00:00:10.896 [[32mINF[0m] [[34mgamma[0m] target 1500K (day=6500K night=1500K force=false ramping=false)
00:00:18.208 [[33mWRN[0m] [[34mconfig[0m] shell.ui_scale: unknown setting
00:00:18.208 [[33mWRN[0m] [[34mconfig[0m] shell.shadow.blur: unknown setting
00:00:18.208 [[33mWRN[0m] [[34mconfig[0m] shell.shadow.offset_x: unknown setting
00:00:18.208 [[33mWRN[0m] [[34mconfig[0m] shell.shadow.offset_y: unknown setting
00:00:18.208 [[33mWRN[0m] [[34mconfig[0m] shell.panel.attach_clipboard: unknown setting
00:00:18.208 [[33mWRN[0m] [[34mconfig[0m] shell.panel.attach_control_center: unknown setting
00:00:18.208 [[33mWRN[0m] [[34mconfig[0m] shell.panel.attach_launcher: unknown setting
00:00:18.208 [[33mWRN[0m] [[34mconfig[0m] shell.panel.attach_session: unknown setting
00:00:18.208 [[33mWRN[0m] [[34mconfig[0m] shell.panel.attach_wallpaper: unknown setting
00:00:18.208 [[33mWRN[0m] [[34mconfig[0m] shell.panel.background_blur: unknown setting
00:00:18.208 [[33mWRN[0m] [[34mconfig[0m] wallpaper.automation.interval_minutes: unknown setting
00:00:18.208 [[33mWRN[0m] [[34mconfig[0m] bar.main.attach_panels: unknown setting
00:00:18.208 [[32mINF[0m] [[34mconfig[0m] 1 bar(s) defined
00:00:18.208 [[32mINF[0m] [[34mconfig[0m] bar order: main
00:00:18.208 [[32mINF[0m] [[34mconfig[0m] idle behaviors=3
00:00:18.208 [[32mINF[0m] [[34mconfig[0m] hooks kinds with commands=0
00:00:18.208 [[32mINF[0m] [[34mgamma[0m] target 1600K (day=6500K night=1600K force=false ramping=false)
00:00:22.760 [[33mWRN[0m] [[34mconfig[0m] shell.ui_scale: unknown setting
00:00:22.760 [[33mWRN[0m] [[34mconfig[0m] shell.shadow.blur: unknown setting
00:00:22.760 [[33mWRN[0m] [[34mconfig[0m] shell.shadow.offset_x: unknown setting
00:00:22.760 [[33mWRN[0m] [[34mconfig[0m] shell.shadow.offset_y: unknown setting
00:00:22.760 [[33mWRN[0m] [[34mconfig[0m] shell.panel.attach_clipboard: unknown setting
00:00:22.760 [[33mWRN[0m] [[34mconfig[0m] shell.panel.attach_control_center: unknown setting
00:00:22.760 [[33mWRN[0m] [[34mconfig[0m] shell.panel.attach_launcher: unknown setting
00:00:22.760 [[33mWRN[0m] [[34mconfig[0m] shell.panel.attach_session: unknown setting
00:00:22.760 [[33mWRN[0m] [[34mconfig[0m] shell.panel.attach_wallpaper: unknown setting
00:00:22.760 [[33mWRN[0m] [[34mconfig[0m] shell.panel.background_blur: unknown setting
00:00:22.760 [[33mWRN[0m] [[34mconfig[0m] wallpaper.automation.interval_minutes: unknown setting
00:00:22.760 [[33mWRN[0m] [[34mconfig[0m] bar.main.attach_panels: unknown setting
00:00:22.760 [[32mINF[0m] [[34mconfig[0m] 1 bar(s) defined
00:00:22.760 [[32mINF[0m] [[34mconfig[0m] bar order: main
00:00:22.760 [[32mINF[0m] [[34mconfig[0m] idle behaviors=3
00:00:22.760 [[32mINF[0m] [[34mconfig[0m] hooks kinds with commands=0
00:00:22.760 [[32mINF[0m] [[34mgamma[0m] target 1500K (day=6500K night=1500K force=false ramping=false)
00:27:46.688 [[33mWRN[0m] [[34mhttp[0m] download failed url=https://api.open-meteo.com/v1/forecast?<query redacted> curl=28 http=0 error=Resolving timed out after 10000 milliseconds
01:44:00.839 [[32mINF[0m] [[34msession[0m] shutdown requested: compositor=Niri env_hint="niri" xdg_session_id=3 user=max
01:44:00.845 [[32mINF[0m] [[34msession[0m] shutdown: systemctl poweroff launched
01:44:00.888 [[32mINF[0m] [[34mapp[0m] shutdown
01:44:00.894 [[32mINF[0m] [[34mtexcache[0m] evicted /home/max/wall/purpleKeyboards.jpg
